Using pre-set license
Built from '2020.3/staging' branch; Version is '2020.3.37f1 (8c66806a0c04) revision 9201280'; Using compiler version '192528614'; Build Type 'Release'
OS: 'Windows 10  (10.0.19043) 64bit Education' Language: 'en' Physical Memory: 16121 MB
BatchMode: 1, IsHumanControllingUs: 0, StartBugReporterOnCrash: 0, Is64bit: 1, IsPro: 0

COMMAND LINE ARGUMENTS:
C:\Program Files\Unity\Hub\Editor\2020.3.37f1\Editor\Unity.exe
-adb2
-batchMode
-noUpm
-name
AssetImportWorker0
-projectPath
C:/Users/macey/Octangle/octangle
-logFile
Logs/AssetImportWorker0.log
-srvPort
52676
Successfully changed project path to: C:/Users/macey/Octangle/octangle
C:/Users/macey/Octangle/octangle
Using Asset Import Pipeline V2.
Refreshing native plugins compatible for Editor in 54.65 ms, found 2 plugins.
Preloading 0 native plugins for Editor in 0.00 ms.
Initialize engine version: 2020.3.37f1 (8c66806a0c04)
[Subsystems] Discovering subsystems at path C:/Program Files/Unity/Hub/Editor/2020.3.37f1/Editor/Data/Resources/UnitySubsystems
[Subsystems] Discovering subsystems at path C:/Users/macey/Octangle/octangle/Assets
GfxDevice: creating device client; threaded=0
Direct3D:
    Version:  Direct3D 11.0 [level 11.1]
    Renderer: NVIDIA GeForce MX150 (ID=0x1d10)
    Vendor:   
    VRAM:     1983 MB
    Driver:   30.0.15.1278
Initialize mono
Mono path[0] = 'C:/Program Files/Unity/Hub/Editor/2020.3.37f1/Editor/Data/Managed'
Mono path[1] = 'C:/Program Files/Unity/Hub/Editor/2020.3.37f1/Editor/Data/MonoBleedingEdge/lib/mono/unityjit'
Mono config path = 'C:/Program Files/Unity/Hub/Editor/2020.3.37f1/Editor/Data/MonoBleedingEdge/etc'
Using monoOptions --debugger-agent=transport=dt_socket,embedding=1,server=y,suspend=n,address=127.0.0.1:56028
Begin MonoManager ReloadAssembly
Registering precompiled unity dll's ...
Register platform support module: C:/Program Files/Unity/Hub/Editor/2020.3.37f1/Editor/Data/PlaybackEngines/WindowsStandaloneSupport/UnityEditor.WindowsStandalone.Extensions.dll
Registered in 0.003675 seconds.
Native extension for WindowsStandalone target not found
Refreshing native plugins compatible for Editor in 52.62 ms, found 2 plugins.
Preloading 0 native plugins for Editor in 0.00 ms.
Mono: successfully reloaded assembly
- Completed reload, in  0.892 seconds
Domain Reload Profiling:
	ReloadAssembly (893ms)
		BeginReloadAssembly (101ms)
			ExecutionOrderSort (0ms)
			DisableScriptedObjects (0ms)
			BackupInstance (0ms)
			ReleaseScriptingObjects (0ms)
			CreateAndSetChildDomain (1ms)
		EndReloadAssembly (676ms)
			LoadAssemblies (98ms)
			RebuildTransferFunctionScriptingTraits (0ms)
			SetupTypeCache (246ms)
			ReleaseScriptCaches (0ms)
			RebuildScriptCaches (42ms)
			SetupLoadedEditorAssemblies (241ms)
				LogAssemblyErrors (0ms)
				InitializePlatformSupportModulesInManaged (6ms)
				SetLoadedEditorAssemblies (0ms)
				RefreshPlugins (53ms)
				BeforeProcessingInitializeOnLoad (11ms)
				ProcessInitializeOnLoadAttributes (132ms)
				ProcessInitializeOnLoadMethodAttributes (39ms)
				AfterProcessingInitializeOnLoad (0ms)
				EditorAssembliesLoaded (0ms)
			ExecutionOrderSort2 (0ms)
			AwakeInstancesAfterBackupRestoration (0ms)
Platform modules already initialized, skipping
Registering precompiled user dll's ...
Registered in 0.004771 seconds.
Begin MonoManager ReloadAssembly
Native extension for WindowsStandalone target not found
Refreshing native plugins compatible for Editor in 0.46 ms, found 2 plugins.
Preloading 0 native plugins for Editor in 0.00 ms.
Mono: successfully reloaded assembly
- Completed reload, in  1.665 seconds
Domain Reload Profiling:
	ReloadAssembly (1666ms)
		BeginReloadAssembly (260ms)
			ExecutionOrderSort (0ms)
			DisableScriptedObjects (7ms)
			BackupInstance (0ms)
			ReleaseScriptingObjects (0ms)
			CreateAndSetChildDomain (38ms)
		EndReloadAssembly (1302ms)
			LoadAssemblies (152ms)
			RebuildTransferFunctionScriptingTraits (0ms)
			SetupTypeCache (492ms)
			ReleaseScriptCaches (1ms)
			RebuildScriptCaches (68ms)
			SetupLoadedEditorAssemblies (480ms)
				LogAssemblyErrors (0ms)
				InitializePlatformSupportModulesInManaged (6ms)
				SetLoadedEditorAssemblies (1ms)
				RefreshPlugins (1ms)
				BeforeProcessingInitializeOnLoad (110ms)
				ProcessInitializeOnLoadAttributes (330ms)
				ProcessInitializeOnLoadMethodAttributes (21ms)
				AfterProcessingInitializeOnLoad (11ms)
				EditorAssembliesLoaded (0ms)
			ExecutionOrderSort2 (0ms)
			AwakeInstancesAfterBackupRestoration (3ms)
Platform modules already initialized, skipping
========================================================================
Worker process is ready to serve import requests
Launched and connected shader compiler UnityShaderCompiler.exe after 0.08 seconds
Refreshing native plugins compatible for Editor in 0.57 ms, found 2 plugins.
Preloading 0 native plugins for Editor in 0.00 ms.
Unloading 1525 Unused Serialized files (Serialized files now loaded: 0)
System memory in use before: 77.0 MB.
System memory in use after: 77.1 MB.

Unloading 16 unused Assets to reduce memory usage. Loaded Objects now: 1976.
Total: 4.178000 ms (FindLiveObjects: 0.173200 ms CreateObjectMapping: 0.061300 ms MarkObjects: 3.830800 ms  DeleteObjects: 0.111300 ms)

AssetImportParameters requested are different than current active one (requested -> active):
  custom:framework-win-MediaFoundation: 216162199b28c13a410421893ffa2e32 -> 
  custom:video-decoder-ogg-theora: a1e56fd34408186e4bbccfd4996cb3dc -> 
  custom:container-muxer-webm: aa71ff27fc2769a1b78a27578f13a17b -> 
  custom:container-demuxer-webm: 4f35f7cbe854078d1ac9338744f61a02 -> 
  custom:container-demuxer-ogg: 62fdf1f143b41e24485cea50d1cbac27 -> 
  custom:video-encoder-webm-vp8: eb34c28f22e8b96e1ab97ce403110664 -> 
  custom:video-decoder-webm-vp8: 9c59270c3fd7afecdb556c50c9e8de78 -> 
  custom:audio-decoder-ogg-vorbis: bf7c407c2cedff20999df2af8eb42d56 -> 
  custom:audio-encoder-webm-vorbis: bf7c407c2cedff20999df2af8eb42d56 -> 
========================================================================
Received Import Request.
  path: Assets/Models/5m
  artifactKey: Guid(ddc79932775348f47bdc4ce00f2746a1) Importer(815301076,1909f56bfc062723c751e8b465ee728b)
Start importing Assets/Models/5m using Guid(ddc79932775348f47bdc4ce00f2746a1) Importer(815301076,1909f56bfc062723c751e8b465ee728b)  -> (artifact id: '60b794c74bf5e454a5c976d17657bf87') in 0.015445 seconds 
========================================================================
Received Import Request.
  Time since last request: 55.847091 seconds.
  path: Assets/Models/5m/InnerFloor.fbx
  artifactKey: Guid(53afda890d790db4283b4ca52334187b) Importer(815301076,1909f56bfc062723c751e8b465ee728b)
Start importing Assets/Models/5m/InnerFloor.fbx using Guid(53afda890d790db4283b4ca52334187b) Importer(815301076,1909f56bfc062723c751e8b465ee728b)  -> (artifact id: 'e59ec706dc3242f0063d16de86c6753d') in 0.227338 seconds 
========================================================================
Received Import Request.
  Time since last request: 0.000586 seconds.
  path: Assets/Models/5m/Walls.fbx
  artifactKey: Guid(0fd8e659ac17a3a45a5b41fc7fe76141) Importer(815301076,1909f56bfc062723c751e8b465ee728b)
Start importing Assets/Models/5m/Walls.fbx using Guid(0fd8e659ac17a3a45a5b41fc7fe76141) Importer(815301076,1909f56bfc062723c751e8b465ee728b)  -> (artifact id: 'b4661238f52d59a1ca3cbc772aef7026') in 0.037482 seconds 
========================================================================
Received Import Request.
  Time since last request: 0.000639 seconds.
  path: Assets/Models/5m/OuterFloor.fbx
  artifactKey: Guid(92ee07d94a4bd1540b462474e331e38d) Importer(815301076,1909f56bfc062723c751e8b465ee728b)
Start importing Assets/Models/5m/OuterFloor.fbx using Guid(92ee07d94a4bd1540b462474e331e38d) Importer(815301076,1909f56bfc062723c751e8b465ee728b)  -> (artifact id: '0301704abc9ae64733a09b0c646b62a4') in 0.036447 seconds 
========================================================================
Received Import Request.
  Time since last request: 0.000735 seconds.
  path: Assets/Models/5m/OuterRoof.fbx
  artifactKey: Guid(53586082f706f5a4b98cfe54538cd576) Importer(815301076,1909f56bfc062723c751e8b465ee728b)
Start importing Assets/Models/5m/OuterRoof.fbx using Guid(53586082f706f5a4b98cfe54538cd576) Importer(815301076,1909f56bfc062723c751e8b465ee728b)  -> (artifact id: 'c1ab70625858cca5405ff87d92fb307d') in 0.038068 seconds 
========================================================================
Received Import Request.
  Time since last request: 0.000579 seconds.
  path: Assets/Models/5m/InnerRoof.fbx
  artifactKey: Guid(5f976c5ab36103b4eb1a222f3e388f97) Importer(815301076,1909f56bfc062723c751e8b465ee728b)
Start importing Assets/Models/5m/InnerRoof.fbx using Guid(5f976c5ab36103b4eb1a222f3e388f97) Importer(815301076,1909f56bfc062723c751e8b465ee728b)  -> (artifact id: 'f6b80e94d18b90f08c1860bb83ab8e8d') in 0.039520 seconds 
========================================================================
Received Prepare
Registering precompiled user dll's ...
Registered in 0.003927 seconds.
Begin MonoManager ReloadAssembly
Native extension for WindowsStandalone target not found
Refreshing native plugins compatible for Editor in 0.42 ms, found 2 plugins.
Preloading 0 native plugins for Editor in 0.00 ms.
Mono: successfully reloaded assembly
- Completed reload, in  1.303 seconds
Domain Reload Profiling:
	ReloadAssembly (1304ms)
		BeginReloadAssembly (159ms)
			ExecutionOrderSort (0ms)
			DisableScriptedObjects (5ms)
			BackupInstance (0ms)
			ReleaseScriptingObjects (0ms)
			CreateAndSetChildDomain (46ms)
		EndReloadAssembly (1049ms)
			LoadAssemblies (129ms)
			RebuildTransferFunctionScriptingTraits (0ms)
			SetupTypeCache (370ms)
			ReleaseScriptCaches (1ms)
			RebuildScriptCaches (54ms)
			SetupLoadedEditorAssemblies (392ms)
				LogAssemblyErrors (0ms)
				InitializePlatformSupportModulesInManaged (6ms)
				SetLoadedEditorAssemblies (1ms)
				RefreshPlugins (1ms)
				BeforeProcessingInitializeOnLoad (76ms)
				ProcessInitializeOnLoadAttributes (280ms)
				ProcessInitializeOnLoadMethodAttributes (18ms)
				AfterProcessingInitializeOnLoad (11ms)
				EditorAssembliesLoaded (0ms)
			ExecutionOrderSort2 (0ms)
			AwakeInstancesAfterBackupRestoration (3ms)
Platform modules already initialized, skipping
Refreshing native plugins compatible for Editor in 0.49 ms, found 2 plugins.
Preloading 0 native plugins for Editor in 0.00 ms.
Unloading 1519 Unused Serialized files (Serialized files now loaded: 0)
System memory in use before: 80.1 MB.
System memory in use after: 80.2 MB.

Unloading 12 unused Assets to reduce memory usage. Loaded Objects now: 1989.
Total: 3.249400 ms (FindLiveObjects: 0.166000 ms CreateObjectMapping: 0.068600 ms MarkObjects: 2.983000 ms  DeleteObjects: 0.030300 ms)

AssetImportParameters requested are different than current active one (requested -> active):
  custom:framework-win-MediaFoundation: 216162199b28c13a410421893ffa2e32 -> 
  custom:video-decoder-ogg-theora: a1e56fd34408186e4bbccfd4996cb3dc -> 
  custom:container-muxer-webm: aa71ff27fc2769a1b78a27578f13a17b -> 
  custom:container-demuxer-webm: 4f35f7cbe854078d1ac9338744f61a02 -> 
  custom:container-demuxer-ogg: 62fdf1f143b41e24485cea50d1cbac27 -> 
  custom:video-encoder-webm-vp8: eb34c28f22e8b96e1ab97ce403110664 -> 
  custom:video-decoder-webm-vp8: 9c59270c3fd7afecdb556c50c9e8de78 -> 
  custom:audio-decoder-ogg-vorbis: bf7c407c2cedff20999df2af8eb42d56 -> 
  custom:audio-encoder-webm-vorbis: bf7c407c2cedff20999df2af8eb42d56 -> 
========================================================================
Received Prepare
Registering precompiled user dll's ...
Registered in 0.004887 seconds.
Begin MonoManager ReloadAssembly
Native extension for WindowsStandalone target not found
Refreshing native plugins compatible for Editor in 0.73 ms, found 2 plugins.
Preloading 0 native plugins for Editor in 0.00 ms.
Mono: successfully reloaded assembly
- Completed reload, in  1.515 seconds
Domain Reload Profiling:
	ReloadAssembly (1515ms)
		BeginReloadAssembly (164ms)
			ExecutionOrderSort (0ms)
			DisableScriptedObjects (6ms)
			BackupInstance (0ms)
			ReleaseScriptingObjects (0ms)
			CreateAndSetChildDomain (42ms)
		EndReloadAssembly (1248ms)
			LoadAssemblies (141ms)
			RebuildTransferFunctionScriptingTraits (0ms)
			SetupTypeCache (494ms)
			ReleaseScriptCaches (1ms)
			RebuildScriptCaches (54ms)
			SetupLoadedEditorAssemblies (417ms)
				LogAssemblyErrors (0ms)
				InitializePlatformSupportModulesInManaged (7ms)
				SetLoadedEditorAssemblies (1ms)
				RefreshPlugins (1ms)
				BeforeProcessingInitializeOnLoad (80ms)
				ProcessInitializeOnLoadAttributes (296ms)
				ProcessInitializeOnLoadMethodAttributes (19ms)
				AfterProcessingInitializeOnLoad (12ms)
				EditorAssembliesLoaded (0ms)
			ExecutionOrderSort2 (0ms)
			AwakeInstancesAfterBackupRestoration (3ms)
Platform modules already initialized, skipping
Refreshing native plugins compatible for Editor in 0.47 ms, found 2 plugins.
Preloading 0 native plugins for Editor in 0.00 ms.
Unloading 1519 Unused Serialized files (Serialized files now loaded: 0)
System memory in use before: 80.1 MB.
System memory in use after: 80.3 MB.

Unloading 11 unused Assets to reduce memory usage. Loaded Objects now: 1992.
Total: 4.503600 ms (FindLiveObjects: 0.191200 ms CreateObjectMapping: 0.089700 ms MarkObjects: 4.187300 ms  DeleteObjects: 0.033500 ms)

AssetImportParameters requested are different than current active one (requested -> active):
  custom:framework-win-MediaFoundation: 216162199b28c13a410421893ffa2e32 -> 
  custom:video-decoder-ogg-theora: a1e56fd34408186e4bbccfd4996cb3dc -> 
  custom:container-muxer-webm: aa71ff27fc2769a1b78a27578f13a17b -> 
  custom:container-demuxer-webm: 4f35f7cbe854078d1ac9338744f61a02 -> 
  custom:container-demuxer-ogg: 62fdf1f143b41e24485cea50d1cbac27 -> 
  custom:video-encoder-webm-vp8: eb34c28f22e8b96e1ab97ce403110664 -> 
  custom:video-decoder-webm-vp8: 9c59270c3fd7afecdb556c50c9e8de78 -> 
  custom:audio-decoder-ogg-vorbis: bf7c407c2cedff20999df2af8eb42d56 -> 
  custom:audio-encoder-webm-vorbis: bf7c407c2cedff20999df2af8eb42d56 -> 
========================================================================
Received Prepare
Registering precompiled user dll's ...
Registered in 0.006809 seconds.
Begin MonoManager ReloadAssembly
Native extension for WindowsStandalone target not found
Refreshing native plugins compatible for Editor in 0.44 ms, found 2 plugins.
Preloading 0 native plugins for Editor in 0.00 ms.
Mono: successfully reloaded assembly
- Completed reload, in  1.415 seconds
Domain Reload Profiling:
	ReloadAssembly (1416ms)
		BeginReloadAssembly (175ms)
			ExecutionOrderSort (0ms)
			DisableScriptedObjects (7ms)
			BackupInstance (0ms)
			ReleaseScriptingObjects (0ms)
			CreateAndSetChildDomain (47ms)
		EndReloadAssembly (1136ms)
			LoadAssemblies (155ms)
			RebuildTransferFunctionScriptingTraits (0ms)
			SetupTypeCache (442ms)
			ReleaseScriptCaches (1ms)
			RebuildScriptCaches (51ms)
			SetupLoadedEditorAssemblies (367ms)
				LogAssemblyErrors (0ms)
				InitializePlatformSupportModulesInManaged (6ms)
				SetLoadedEditorAssemblies (1ms)
				RefreshPlugins (1ms)
				BeforeProcessingInitializeOnLoad (71ms)
				ProcessInitializeOnLoadAttributes (257ms)
				ProcessInitializeOnLoadMethodAttributes (20ms)
				AfterProcessingInitializeOnLoad (10ms)
				EditorAssembliesLoaded (0ms)
			ExecutionOrderSort2 (0ms)
			AwakeInstancesAfterBackupRestoration (3ms)
Platform modules already initialized, skipping
Refreshing native plugins compatible for Editor in 0.47 ms, found 2 plugins.
Preloading 0 native plugins for Editor in 0.00 ms.
Unloading 1519 Unused Serialized files (Serialized files now loaded: 0)
System memory in use before: 80.2 MB.
System memory in use after: 80.3 MB.

Unloading 11 unused Assets to reduce memory usage. Loaded Objects now: 1995.
Total: 3.462400 ms (FindLiveObjects: 0.157700 ms CreateObjectMapping: 0.057900 ms MarkObjects: 3.218400 ms  DeleteObjects: 0.027000 ms)

AssetImportParameters requested are different than current active one (requested -> active):
  custom:framework-win-MediaFoundation: 216162199b28c13a410421893ffa2e32 -> 
  custom:video-decoder-ogg-theora: a1e56fd34408186e4bbccfd4996cb3dc -> 
  custom:container-muxer-webm: aa71ff27fc2769a1b78a27578f13a17b -> 
  custom:container-demuxer-webm: 4f35f7cbe854078d1ac9338744f61a02 -> 
  custom:container-demuxer-ogg: 62fdf1f143b41e24485cea50d1cbac27 -> 
  custom:video-encoder-webm-vp8: eb34c28f22e8b96e1ab97ce403110664 -> 
  custom:video-decoder-webm-vp8: 9c59270c3fd7afecdb556c50c9e8de78 -> 
  custom:audio-decoder-ogg-vorbis: bf7c407c2cedff20999df2af8eb42d56 -> 
  custom:audio-encoder-webm-vorbis: bf7c407c2cedff20999df2af8eb42d56 -> 
========================================================================
Received Prepare
Registering precompiled user dll's ...
Registered in 0.004500 seconds.
Begin MonoManager ReloadAssembly
Native extension for WindowsStandalone target not found
Refreshing native plugins compatible for Editor in 0.55 ms, found 2 plugins.
Preloading 0 native plugins for Editor in 0.00 ms.
Mono: successfully reloaded assembly
- Completed reload, in  2.168 seconds
Domain Reload Profiling:
	ReloadAssembly (2168ms)
		BeginReloadAssembly (167ms)
			ExecutionOrderSort (0ms)
			DisableScriptedObjects (6ms)
			BackupInstance (0ms)
			ReleaseScriptingObjects (0ms)
			CreateAndSetChildDomain (43ms)
		EndReloadAssembly (1900ms)
			LoadAssemblies (153ms)
			RebuildTransferFunctionScriptingTraits (0ms)
			SetupTypeCache (559ms)
			ReleaseScriptCaches (1ms)
			RebuildScriptCaches (358ms)
			SetupLoadedEditorAssemblies (484ms)
				LogAssemblyErrors (0ms)
				InitializePlatformSupportModulesInManaged (10ms)
				SetLoadedEditorAssemblies (1ms)
				RefreshPlugins (1ms)
				BeforeProcessingInitializeOnLoad (109ms)
				ProcessInitializeOnLoadAttributes (330ms)
				ProcessInitializeOnLoadMethodAttributes (22ms)
				AfterProcessingInitializeOnLoad (12ms)
				EditorAssembliesLoaded (0ms)
			ExecutionOrderSort2 (0ms)
			AwakeInstancesAfterBackupRestoration (3ms)
Platform modules already initialized, skipping
Refreshing native plugins compatible for Editor in 0.53 ms, found 2 plugins.
Preloading 0 native plugins for Editor in 0.00 ms.
Unloading 1519 Unused Serialized files (Serialized files now loaded: 0)
System memory in use before: 80.2 MB.
System memory in use after: 80.3 MB.

Unloading 11 unused Assets to reduce memory usage. Loaded Objects now: 1998.
Total: 3.745100 ms (FindLiveObjects: 0.167500 ms CreateObjectMapping: 0.073100 ms MarkObjects: 3.471700 ms  DeleteObjects: 0.031600 ms)

AssetImportParameters requested are different than current active one (requested -> active):
  custom:framework-win-MediaFoundation: 216162199b28c13a410421893ffa2e32 -> 
  custom:video-decoder-ogg-theora: a1e56fd34408186e4bbccfd4996cb3dc -> 
  custom:container-muxer-webm: aa71ff27fc2769a1b78a27578f13a17b -> 
  custom:container-demuxer-webm: 4f35f7cbe854078d1ac9338744f61a02 -> 
  custom:container-demuxer-ogg: 62fdf1f143b41e24485cea50d1cbac27 -> 
  custom:video-encoder-webm-vp8: eb34c28f22e8b96e1ab97ce403110664 -> 
  custom:video-decoder-webm-vp8: 9c59270c3fd7afecdb556c50c9e8de78 -> 
  custom:audio-decoder-ogg-vorbis: bf7c407c2cedff20999df2af8eb42d56 -> 
  custom:audio-encoder-webm-vorbis: bf7c407c2cedff20999df2af8eb42d56 -> 
========================================================================
Received Prepare
Registering precompiled user dll's ...
Registered in 0.005385 seconds.
Begin MonoManager ReloadAssembly
Native extension for WindowsStandalone target not found
Refreshing native plugins compatible for Editor in 0.71 ms, found 2 plugins.
Preloading 0 native plugins for Editor in 0.00 ms.
Mono: successfully reloaded assembly
- Completed reload, in  2.328 seconds
Domain Reload Profiling:
	ReloadAssembly (2329ms)
		BeginReloadAssembly (194ms)
			ExecutionOrderSort (0ms)
			DisableScriptedObjects (6ms)
			BackupInstance (0ms)
			ReleaseScriptingObjects (0ms)
			CreateAndSetChildDomain (47ms)
		EndReloadAssembly (1995ms)
			LoadAssemblies (203ms)
			RebuildTransferFunctionScriptingTraits (0ms)
			SetupTypeCache (911ms)
			ReleaseScriptCaches (2ms)
			RebuildScriptCaches (148ms)
			SetupLoadedEditorAssemblies (466ms)
				LogAssemblyErrors (0ms)
				InitializePlatformSupportModulesInManaged (9ms)
				SetLoadedEditorAssemblies (1ms)
				RefreshPlugins (1ms)
				BeforeProcessingInitializeOnLoad (97ms)
				ProcessInitializeOnLoadAttributes (323ms)
				ProcessInitializeOnLoadMethodAttributes (20ms)
				AfterProcessingInitializeOnLoad (14ms)
				EditorAssembliesLoaded (1ms)
			ExecutionOrderSort2 (0ms)
			AwakeInstancesAfterBackupRestoration (3ms)
Platform modules already initialized, skipping
Refreshing native plugins compatible for Editor in 0.50 ms, found 2 plugins.
Preloading 0 native plugins for Editor in 0.00 ms.
Unloading 1519 Unused Serialized files (Serialized files now loaded: 0)
System memory in use before: 80.2 MB.
System memory in use after: 80.3 MB.

Unloading 11 unused Assets to reduce memory usage. Loaded Objects now: 2001.
Total: 5.508700 ms (FindLiveObjects: 0.167100 ms CreateObjectMapping: 0.059300 ms MarkObjects: 5.239900 ms  DeleteObjects: 0.040900 ms)

AssetImportParameters requested are different than current active one (requested -> active):
  custom:framework-win-MediaFoundation: 216162199b28c13a410421893ffa2e32 -> 
  custom:video-decoder-ogg-theora: a1e56fd34408186e4bbccfd4996cb3dc -> 
  custom:container-muxer-webm: aa71ff27fc2769a1b78a27578f13a17b -> 
  custom:container-demuxer-webm: 4f35f7cbe854078d1ac9338744f61a02 -> 
  custom:container-demuxer-ogg: 62fdf1f143b41e24485cea50d1cbac27 -> 
  custom:video-encoder-webm-vp8: eb34c28f22e8b96e1ab97ce403110664 -> 
  custom:video-decoder-webm-vp8: 9c59270c3fd7afecdb556c50c9e8de78 -> 
  custom:audio-decoder-ogg-vorbis: bf7c407c2cedff20999df2af8eb42d56 -> 
  custom:audio-encoder-webm-vorbis: bf7c407c2cedff20999df2af8eb42d56 -> 
========================================================================
Received Import Request.
  Time since last request: 1398.102578 seconds.
  path: Assets/Scripts/HideRooms.cs
  artifactKey: Guid(806fd52a09d318048819062fd946a151) Importer(815301076,1909f56bfc062723c751e8b465ee728b)
Start importing Assets/Scripts/HideRooms.cs using Guid(806fd52a09d318048819062fd946a151) Importer(815301076,1909f56bfc062723c751e8b465ee728b)  -> (artifact id: '4a8388455c958e63bcfd249ddf784981') in 0.037766 seconds 
========================================================================
Received Prepare
Registering precompiled user dll's ...
Registered in 0.007198 seconds.
Begin MonoManager ReloadAssembly
Native extension for WindowsStandalone target not found
Refreshing native plugins compatible for Editor in 0.47 ms, found 2 plugins.
Preloading 0 native plugins for Editor in 0.00 ms.
Mono: successfully reloaded assembly
- Completed reload, in  1.715 seconds
Domain Reload Profiling:
	ReloadAssembly (1716ms)
		BeginReloadAssembly (217ms)
			ExecutionOrderSort (0ms)
			DisableScriptedObjects (9ms)
			BackupInstance (0ms)
			ReleaseScriptingObjects (0ms)
			CreateAndSetChildDomain (58ms)
		EndReloadAssembly (1375ms)
			LoadAssemblies (182ms)
			RebuildTransferFunctionScriptingTraits (0ms)
			SetupTypeCache (611ms)
			ReleaseScriptCaches (1ms)
			RebuildScriptCaches (64ms)
			SetupLoadedEditorAssemblies (410ms)
				LogAssemblyErrors (0ms)
				InitializePlatformSupportModulesInManaged (9ms)
				SetLoadedEditorAssemblies (1ms)
				RefreshPlugins (1ms)
				BeforeProcessingInitializeOnLoad (82ms)
				ProcessInitializeOnLoadAttributes (287ms)
				ProcessInitializeOnLoadMethodAttributes (20ms)
				AfterProcessingInitializeOnLoad (11ms)
				EditorAssembliesLoaded (0ms)
			ExecutionOrderSort2 (0ms)
			AwakeInstancesAfterBackupRestoration (3ms)
Platform modules already initialized, skipping
Refreshing native plugins compatible for Editor in 0.49 ms, found 2 plugins.
Preloading 0 native plugins for Editor in 0.00 ms.
Unloading 1519 Unused Serialized files (Serialized files now loaded: 0)
System memory in use before: 80.2 MB.
System memory in use after: 80.3 MB.

Unloading 11 unused Assets to reduce memory usage. Loaded Objects now: 2004.
Total: 3.883600 ms (FindLiveObjects: 0.165700 ms CreateObjectMapping: 0.061500 ms MarkObjects: 3.626800 ms  DeleteObjects: 0.027700 ms)

AssetImportParameters requested are different than current active one (requested -> active):
  custom:framework-win-MediaFoundation: 216162199b28c13a410421893ffa2e32 -> 
  custom:video-decoder-ogg-theora: a1e56fd34408186e4bbccfd4996cb3dc -> 
  custom:container-muxer-webm: aa71ff27fc2769a1b78a27578f13a17b -> 
  custom:container-demuxer-webm: 4f35f7cbe854078d1ac9338744f61a02 -> 
  custom:container-demuxer-ogg: 62fdf1f143b41e24485cea50d1cbac27 -> 
  custom:video-encoder-webm-vp8: eb34c28f22e8b96e1ab97ce403110664 -> 
  custom:video-decoder-webm-vp8: 9c59270c3fd7afecdb556c50c9e8de78 -> 
  custom:audio-decoder-ogg-vorbis: bf7c407c2cedff20999df2af8eb42d56 -> 
  custom:audio-encoder-webm-vorbis: bf7c407c2cedff20999df2af8eb42d56 -> 
========================================================================
Received Import Request.
  Time since last request: 161.598861 seconds.
  path: Assets/Scripts/ShowRooms.cs
  artifactKey: Guid(7578c4beb02934741b717c1ae0f8f82a) Importer(815301076,1909f56bfc062723c751e8b465ee728b)
Start importing Assets/Scripts/ShowRooms.cs using Guid(7578c4beb02934741b717c1ae0f8f82a) Importer(815301076,1909f56bfc062723c751e8b465ee728b)  -> (artifact id: '55fa6fda875b8d12a37b8a887a629905') in 0.010483 seconds 
========================================================================
Received Import Request.
  Time since last request: 93.650127 seconds.
  path: Assets/SeasonsAssets
  artifactKey: Guid(9ce3d05336a100d47a065729cee10f1c) Importer(815301076,1909f56bfc062723c751e8b465ee728b)
Start importing Assets/SeasonsAssets using Guid(9ce3d05336a100d47a065729cee10f1c) Importer(815301076,1909f56bfc062723c751e8b465ee728b)  -> (artifact id: 'b975058fa1eb4b87c434b82ebeec533d') in 0.008353 seconds 
========================================================================
Received Import Request.
  Time since last request: 35.173823 seconds.
  path: Assets/Beach Essentials
  artifactKey: Guid(c55e728cee2d16244870019dbc34a0ce) Importer(815301076,1909f56bfc062723c751e8b465ee728b)
Start importing Assets/Beach Essentials using Guid(c55e728cee2d16244870019dbc34a0ce) Importer(815301076,1909f56bfc062723c751e8b465ee728b)  -> (artifact id: '22116d8ac64182a3b67d34b662dd1076') in 0.007956 seconds 
========================================================================
Received Import Request.
  Time since last request: 8.793893 seconds.
  path: Assets/Summer
  artifactKey: Guid(c55e728cee2d16244870019dbc34a0ce) Importer(815301076,1909f56bfc062723c751e8b465ee728b)
Start importing Assets/Summer using Guid(c55e728cee2d16244870019dbc34a0ce) Importer(815301076,1909f56bfc062723c751e8b465ee728b)  -> (artifact id: '4fb8e37c38fd16d980aca289dbea3191') in 0.009756 seconds 
========================================================================
Received Import Request.
  Time since last request: 606.884410 seconds.
  path: Assets/uploads_files_2598887_Snowman.fbx
  artifactKey: Guid(c716ea00e07214e4b97a9c9e5abb7079) Importer(815301076,1909f56bfc062723c751e8b465ee728b)
Start importing Assets/uploads_files_2598887_Snowman.fbx using Guid(c716ea00e07214e4b97a9c9e5abb7079) Importer(815301076,1909f56bfc062723c751e8b465ee728b)  -> (artifact id: '118320b8277e2958e92b28a360fbac47') in 0.836023 seconds 
========================================================================
Received Import Request.
  Time since last request: 0.000514 seconds.
  path: Assets/uploads_files_2930788_gloves.FBX
  artifactKey: Guid(29d9aaa32925d4e428c8174fa84eb203) Importer(815301076,1909f56bfc062723c751e8b465ee728b)
Start importing Assets/uploads_files_2930788_gloves.FBX using Guid(29d9aaa32925d4e428c8174fa84eb203) Importer(815301076,1909f56bfc062723c751e8b465ee728b)  -> (artifact id: '1575a8064bb178b7d05a78abf64659e3') in 0.084095 seconds 
========================================================================
Received Import Request.
  Time since last request: 15.088389 seconds.
  path: Assets/!Materials Collection
  artifactKey: Guid(86226c4fbf8d6f8498306f81bb7d10f4) Importer(815301076,1909f56bfc062723c751e8b465ee728b)
Start importing Assets/!Materials Collection using Guid(86226c4fbf8d6f8498306f81bb7d10f4) Importer(815301076,1909f56bfc062723c751e8b465ee728b)  -> (artifact id: '4e7f3cb1d0deadb26c1de886ced3d442') in 0.012485 seconds 
========================================================================
Received Import Request.
  Time since last request: 2.137389 seconds.
  path: Assets/!Materials Collection/4 Snow Materials
  artifactKey: Guid(4121de2c8df7ea94885ff9272d8b9718) Importer(815301076,1909f56bfc062723c751e8b465ee728b)
Start importing Assets/!Materials Collection/4 Snow Materials using Guid(4121de2c8df7ea94885ff9272d8b9718) Importer(815301076,1909f56bfc062723c751e8b465ee728b)  -> (artifact id: 'e6b234a778676155f4adb8985f26676e') in 0.009075 seconds 
========================================================================
Received Import Request.
  Time since last request: 5.983928 seconds.
  path: Assets/Winter
  artifactKey: Guid(86226c4fbf8d6f8498306f81bb7d10f4) Importer(815301076,1909f56bfc062723c751e8b465ee728b)
Start importing Assets/Winter using Guid(86226c4fbf8d6f8498306f81bb7d10f4) Importer(815301076,1909f56bfc062723c751e8b465ee728b)  -> (artifact id: 'cbeed57ddba0c3af35755df75d08d5c4') in 0.008358 seconds 
========================================================================
Received Import Request.
  Time since last request: 5.711785 seconds.
  path: Assets/Winter/Snow
  artifactKey: Guid(4121de2c8df7ea94885ff9272d8b9718) Importer(815301076,1909f56bfc062723c751e8b465ee728b)
Start importing Assets/Winter/Snow using Guid(4121de2c8df7ea94885ff9272d8b9718) Importer(815301076,1909f56bfc062723c751e8b465ee728b)  -> (artifact id: '72302d120471a0a0213371afe68e5485') in 0.008922 seconds 
========================================================================
Received Import Request.
  Time since last request: 8.305223 seconds.
  path: Assets/uploads_files_2694506_Muschel
  artifactKey: Guid(39c68d6fd04922d409e7149cfe5e94cc) Importer(815301076,1909f56bfc062723c751e8b465ee728b)
Start importing Assets/uploads_files_2694506_Muschel using Guid(39c68d6fd04922d409e7149cfe5e94cc) Importer(815301076,1909f56bfc062723c751e8b465ee728b)  -> (artifact id: '4f2157806d46a0f806b3d4904cd44164') in 0.014068 seconds 
========================================================================
Received Import Request.
  Time since last request: 9.106955 seconds.
  path: Assets/SeasonsAssets/uploads_files_2694506_Muschel/Muschel
  artifactKey: Guid(0b542598d1f9d894f81df6959b5db165) Importer(815301076,1909f56bfc062723c751e8b465ee728b)
Start importing Assets/SeasonsAssets/uploads_files_2694506_Muschel/Muschel using Guid(0b542598d1f9d894f81df6959b5db165) Importer(815301076,1909f56bfc062723c751e8b465ee728b)  -> (artifact id: '31542494177f521aaed0e9e0d35113c4') in 0.012122 seconds 
========================================================================
Received Import Request.
  Time since last request: 1.385367 seconds.
  path: Assets/SeasonsAssets/uploads_files_2694506_Muschel/Muschel/Muschel.obj
  artifactKey: Guid(0d2d9f2e3cd256c4ea914d51ce75ba00) Importer(815301076,1909f56bfc062723c751e8b465ee728b)
Start importing Assets/SeasonsAssets/uploads_files_2694506_Muschel/Muschel/Muschel.obj using Guid(0d2d9f2e3cd256c4ea914d51ce75ba00) Importer(815301076,1909f56bfc062723c751e8b465ee728b)  -> (artifact id: '14a7237fe0e7e3d919186906e2601ad1') in 0.085893 seconds 
========================================================================
Received Import Request.
  Time since last request: 0.000360 seconds.
  path: Assets/SeasonsAssets/uploads_files_2694506_Muschel/Muschel/Muschel_Edited.fbx
  artifactKey: Guid(6b30c1124b7a1bb4eb0b51e30cdba1d9) Importer(815301076,1909f56bfc062723c751e8b465ee728b)
Start importing Assets/SeasonsAssets/uploads_files_2694506_Muschel/Muschel/Muschel_Edited.fbx using Guid(6b30c1124b7a1bb4eb0b51e30cdba1d9) Importer(815301076,1909f56bfc062723c751e8b465ee728b)  -> (artifact id: 'cc96126184030aea3ccbd4157ce00435') in 0.052807 seconds 
========================================================================
Received Import Request.
  Time since last request: 0.000378 seconds.
  path: Assets/SeasonsAssets/uploads_files_2694506_Muschel/Muschel/Muschel_Texture.jpg
  artifactKey: Guid(9eaa2408e59a29748a086e320759166a) Importer(815301076,1909f56bfc062723c751e8b465ee728b)
Start importing Assets/SeasonsAssets/uploads_files_2694506_Muschel/Muschel/Muschel_Texture.jpg using Guid(9eaa2408e59a29748a086e320759166a) Importer(815301076,1909f56bfc062723c751e8b465ee728b)  -> (artifact id: '6546d28b542844848215035805083ff5') in 0.139593 seconds 
========================================================================
Received Import Request.
  Time since last request: 0.872502 seconds.
  path: Assets/SeasonsAssets/uploads_files_2694506_Muschel/Muschel/Muschel.mtl
  artifactKey: Guid(6df86c4ff04c24f46a711750bdc8fe24) Importer(815301076,1909f56bfc062723c751e8b465ee728b)
Start importing Assets/SeasonsAssets/uploads_files_2694506_Muschel/Muschel/Muschel.mtl using Guid(6df86c4ff04c24f46a711750bdc8fe24) Importer(815301076,1909f56bfc062723c751e8b465ee728b)  -> (artifact id: '1b54e03bdd3a1bb747fde709ffc9cdd2') in 0.011738 seconds 
========================================================================
Received Import Request.
  Time since last request: 19.953914 seconds.
  path: Assets/SeasonsAssets/uploads_files_678064_Sled01New_fbx
  artifactKey: Guid(175b27b1ca30aff4498dcf550e0a7d6e) Importer(815301076,1909f56bfc062723c751e8b465ee728b)
Start importing Assets/SeasonsAssets/uploads_files_678064_Sled01New_fbx using Guid(175b27b1ca30aff4498dcf550e0a7d6e) Importer(815301076,1909f56bfc062723c751e8b465ee728b)  -> (artifact id: 'bf97e472722527dbf559beaa7ab703bf') in 0.008644 seconds 
========================================================================
Received Import Request.
  Time since last request: 5.647361 seconds.
  path: Assets/SeasonsAssets/uploads_files_678064_Sled01New_fbx/Sled01New.fbx
  artifactKey: Guid(8a85c0837e502644cb43e6839736c7bc) Importer(815301076,1909f56bfc062723c751e8b465ee728b)
Start importing Assets/SeasonsAssets/uploads_files_678064_Sled01New_fbx/Sled01New.fbx using Guid(8a85c0837e502644cb43e6839736c7bc) Importer(815301076,1909f56bfc062723c751e8b465ee728b)  -> (artifact id: '8c4c813cf1ffaefd096106910f35e927') in 0.033028 seconds 
AssetImportWorkerClient::OnTransportError - code=2 error=End of file
